// Jest Snapshot v1, https://goo.gl/fbAQLP

exports[`should render correctly 1`] = `
<div>
  <div>
    electionRound 
    1
    /3
  </div>
</div>
`;
