// Jest Snapshot v1, https://goo.gl/fbAQLP

exports[`should render correctly 1`] = `
<div>
  <div>
    <button>
      Yes
    </button>
    <button>
      No
    </button>
  </div>
</div>
`;
