// Jest Snapshot v1, https://goo.gl/fbAQLP

exports[`should render correctly 1`] = `
<div>
  <footer>
    <div>
      {"children":"License"}
    </div>
    <div>
      {"open":false}
    </div>
  </footer>
</div>
`;
